Archive member included to satisfy reference by file (symbol)

C:/ST/STM32CubeIDE_2.0.0/STM32CubeIDE/plugins/com.st.stm32cube.ide.mcu.externaltools.gnu-tools-for-stm32.14.3.rel1.win32_1.0.100.202602081740/tools/bin/../lib/gcc/arm-none-eabi/14.3.1/../../../../arm-none-eabi/lib/thumb/v7e-m+fp/hard\libc_nano.a(libc_a-exit.o)
                              C:/ST/STM32CubeIDE_2.0.0/STM32CubeIDE/plugins/com.st.stm32cube.ide.mcu.externaltools.gnu-tools-for-stm32.14.3.rel1.win32_1.0.100.202602081740/tools/bin/../lib/gcc/arm-none-eabi/14.3.1/../../../../arm-none-eabi/lib/thumb/v7e-m+fp/hard/crt0.o (exit)
C:/ST/STM32CubeIDE_2.0.0/STM32CubeIDE/plugins/com.st.stm32cube.ide.mcu.externaltools.gnu-tools-for-stm32.14.3.rel1.win32_1.0.100.202602081740/tools/bin/../lib/gcc/arm-none-eabi/14.3.1/../../../../arm-none-eabi/lib/thumb/v7e-m+fp/hard\libc_nano.a(libc_a-findfp.o)
                              C:/ST/STM32CubeIDE_2.0.0/STM32CubeIDE/plugins/com.st.stm32cube.ide.mcu.externaltools.gnu-tools-for-stm32.14.3.rel1.win32_1.0.100.202602081740/tools/bin/../lib/gcc/arm-none-eabi/14.3.1/../../../../arm-none-eabi/lib/thumb/v7e-m+fp/hard\libc_nano.a(libc_a-exit.o) (__stdio_exit_handler)
C:/ST/STM32CubeIDE_2.0.0/STM32CubeIDE/plugins/com.st.stm32cube.ide.mcu.externaltools.gnu-tools-for-stm32.14.3.rel1.win32_1.0.100.202602081740/tools/bin/../lib/gcc/arm-none-eabi/14.3.1/../../../../arm-none-eabi/lib/thumb/v7e-m+fp/hard\libc_nano.a(libc_a-fwalk.o)
                              C:/ST/STM32CubeIDE_2.0.0/STM32CubeIDE/plugins/com.st.stm32cube.ide.mcu.externaltools.gnu-tools-for-stm32.14.3.rel1.win32_1.0.100.202602081740/tools/bin/../lib/gcc/arm-none-eabi/14.3.1/../../../../arm-none-eabi/lib/thumb/v7e-m+fp/hard\libc_nano.a(libc_a-findfp.o) (_fwalk_sglue)
C:/ST/STM32CubeIDE_2.0.0/STM32CubeIDE/plugins/com.st.stm32cube.ide.mcu.externaltools.gnu-tools-for-stm32.14.3.rel1.win32_1.0.100.202602081740/tools/bin/../lib/gcc/arm-none-eabi/14.3.1/../../../../arm-none-eabi/lib/thumb/v7e-m+fp/hard\libc_nano.a(libc_a-snprintf.o)
                              ./Src/detection.o (snprintf)
C:/ST/STM32CubeIDE_2.0.0/STM32CubeIDE/plugins/com.st.stm32cube.ide.mcu.externaltools.gnu-tools-for-stm32.14.3.rel1.win32_1.0.100.202602081740/tools/bin/../lib/gcc/arm-none-eabi/14.3.1/../../../../arm-none-eabi/lib/thumb/v7e-m+fp/hard\libc_nano.a(libc_a-stdio.o)
                              C:/ST/STM32CubeIDE_2.0.0/STM32CubeIDE/plugins/com.st.stm32cube.ide.mcu.externaltools.gnu-tools-for-stm32.14.3.rel1.win32_1.0.100.202602081740/tools/bin/../lib/gcc/arm-none-eabi/14.3.1/../../../../arm-none-eabi/lib/thumb/v7e-m+fp/hard\libc_nano.a(libc_a-findfp.o) (__sread)
C:/ST/STM32CubeIDE_2.0.0/STM32CubeIDE/plugins/com.st.stm32cube.ide.mcu.externaltools.gnu-tools-for-stm32.14.3.rel1.win32_1.0.100.202602081740/tools/bin/../lib/gcc/arm-none-eabi/14.3.1/../../../../arm-none-eabi/lib/thumb/v7e-m+fp/hard\libc_nano.a(libc_a-memset.o)
                              C:/ST/STM32CubeIDE_2.0.0/STM32CubeIDE/plugins/com.st.stm32cube.ide.mcu.externaltools.gnu-tools-for-stm32.14.3.rel1.win32_1.0.100.202602081740/tools/bin/../lib/gcc/arm-none-eabi/14.3.1/../../../../arm-none-eabi/lib/thumb/v7e-m+fp/hard/crt0.o (memset)
C:/ST/STM32CubeIDE_2.0.0/STM32CubeIDE/plugins/com.st.stm32cube.ide.mcu.externaltools.gnu-tools-for-stm32.14.3.rel1.win32_1.0.100.202602081740/tools/bin/../lib/gcc/arm-none-eabi/14.3.1/../../../../arm-none-eabi/lib/thumb/v7e-m+fp/hard\libc_nano.a(libc_a-closer.o)
                              C:/ST/STM32CubeIDE_2.0.0/STM32CubeIDE/plugins/com.st.stm32cube.ide.mcu.externaltools.gnu-tools-for-stm32.14.3.rel1.win32_1.0.100.202602081740/tools/bin/../lib/gcc/arm-none-eabi/14.3.1/../../../../arm-none-eabi/lib/thumb/v7e-m+fp/hard\libc_nano.a(libc_a-stdio.o) (_close_r)
C:/ST/STM32CubeIDE_2.0.0/STM32CubeIDE/plugins/com.st.stm32cube.ide.mcu.externaltools.gnu-tools-for-stm32.14.3.rel1.win32_1.0.100.202602081740/tools/bin/../lib/gcc/arm-none-eabi/14.3.1/../../../../arm-none-eabi/lib/thumb/v7e-m+fp/hard\libc_nano.a(libc_a-reent.o)
                              C:/ST/STM32CubeIDE_2.0.0/STM32CubeIDE/plugins/com.st.stm32cube.ide.mcu.externaltools.gnu-tools-for-stm32.14.3.rel1.win32_1.0.100.202602081740/tools/bin/../lib/gcc/arm-none-eabi/14.3.1/../../../../arm-none-eabi/lib/thumb/v7e-m+fp/hard\libc_nano.a(libc_a-closer.o) (errno)
C:/ST/STM32CubeIDE_2.0.0/STM32CubeIDE/plugins/com.st.stm32cube.ide.mcu.externaltools.gnu-tools-for-stm32.14.3.rel1.win32_1.0.100.202602081740/tools/bin/../lib/gcc/arm-none-eabi/14.3.1/../../../../arm-none-eabi/lib/thumb/v7e-m+fp/hard\libc_nano.a(libc_a-impure.o)
                              C:/ST/STM32CubeIDE_2.0.0/STM32CubeIDE/plugins/com.st.stm32cube.ide.mcu.externaltools.gnu-tools-for-stm32.14.3.rel1.win32_1.0.100.202602081740/tools/bin/../lib/gcc/arm-none-eabi/14.3.1/../../../../arm-none-eabi/lib/thumb/v7e-m+fp/hard\libc_nano.a(libc_a-snprintf.o) (_impure_ptr)
[...]
Memory Configuration

Name             Origin             Length             Attributes
RAM              0x20000000         0x00018000         xrw
SRAM2            0x10000000         0x00008000         xrw
FLASH            0x08000000         0x00100000         xr
*default*        0x00000000         0xffffffff

Linker script and memory map

LOAD C:/ST/STM32CubeIDE_2.0.0/STM32CubeIDE/plugins/com.st.stm32cube.ide.mcu.externaltools.gnu-tools-for-stm32.14.3.rel1.win32_1.0.100.202602081740/tools/bin/../lib/gcc/arm-none-eabi/14.3.1/thumb/v7e-m+fp/hard/crti.o
LOAD C:/ST/STM32CubeIDE_2.0.0/STM32CubeIDE/plugins/com.st.stm32cube.ide.mcu.externaltools.gnu-tools-for-stm32.14.3.rel1.win32_1.0.100.202602081740/tools/bin/../lib/gcc/arm-none-eabi/14.3.1/thumb/v7e-m+fp/hard/crtbegin.o
LOAD C:/ST/STM32CubeIDE_2.0.0/STM32CubeIDE/plugins/com.st.stm32cube.ide.mcu.externaltools.gnu-tools-for-stm32.14.3.rel1.win32_1.0.100.202602081740/tools/bin/../lib/gcc/arm-none-eabi/14.3.1/../../../../arm-none-eabi/lib/thumb/v7e-m+fp/hard/crt0.o
LOAD ./Src/EMGFilters.o
LOAD ./Src/adc.o
LOAD ./Src/detection.o
LOAD ./Src/dma.o
LOAD ./Src/hm_10_uart.o
LOAD ./Src/led.o
LOAD ./Src/main.o
LOAD ./Src/motor.o
LOAD ./Src/syscalls.o
LOAD ./Src/sysmem.o
LOAD ./Src/usart2.o
LOAD ./Startup/startup_stm32l476rgtx.o
START GROUP
LOAD C:/ST/STM32CubeIDE_2.0.0/STM32CubeIDE/plugins/com.st.stm32cube.ide.mcu.externaltools.gnu-tools-for-stm32.14.3.rel1.win32_1.0.100.202602081740/tools/bin/../lib/gcc/arm-none-eabi/14.3.1/../../../../arm-none-eabi/lib/thumb/v7e-m+fp/hard\libc_nano.a
LOAD C:/ST/STM32CubeIDE_2.0.0/STM32CubeIDE/plugins/com.st.stm32cube.ide.mcu.externaltools.gnu-tools-for-stm32.14.3.rel1.win32_1.0.100.202602081740/tools/bin/../lib/gcc/arm-none-eabi/14.3.1/../../../../arm-none-eabi/lib/thumb/v7e-m+fp/hard\libm.a
END GROUP
START GROUP
LOAD C:/ST/STM32CubeIDE_2.0.0/STM32CubeIDE/plugins/com.st.stm32cube.ide.mcu.externaltools.gnu-tools-for-stm32.14.3.rel1.win32_1.0.100.202602081740/tools/bin/../lib/gcc/arm-none-eabi/14.3.1/thumb/v7e-m+fp/hard\libgcc.a
LOAD C:/ST/STM32CubeIDE_2.0.0/STM32CubeIDE/plugins/com.st.stm32cube.ide.mcu.externaltools.gnu-tools-for-stm32.14.3.rel1.win32_1.0.100.202602081740/tools/bin/../lib/gcc/arm-none-eabi/14.3.1/../../../../arm-none-eabi/lib/thumb/v7e-m+fp/hard\libc_nano.a
END GROUP
START GROUP
LOAD C:/ST/STM32CubeIDE_2.0.0/STM32CubeIDE/plugins/com.st.stm32cube.ide.mcu.externaltools.gnu-tools-for-stm32.14.3.rel1.win32_1.0.100.202602081740/tools/bin/../lib/gcc/arm-none-eabi/14.3.1/thumb/v7e-m+fp/hard\libgcc.a
LOAD C:/ST/STM32CubeIDE_2.0.0/STM32CubeIDE/plugins/com.st.stm32cube.ide.mcu.externaltools.gnu-tools-for-stm32.14.3.rel1.win32_1.0.100.202602081740/tools/bin/../lib/gcc/arm-none-eabi/14.3.1/../../../../arm-none-eabi/lib/thumb/v7e-m+fp/hard\libc_nano.a
LOAD C:/ST/STM32CubeIDE_2.0.0/STM32CubeIDE/plugins/com.st.stm32cube.ide.mcu.externaltools.gnu-tools-for-stm32.14.3.rel1.win32_1.0.100.202602081740/tools/bin/../lib/gcc/arm-none-eabi/14.3.1/../../../../arm-none-eabi/lib/thumb/v7e-m+fp/hard\libnosys.a
END GROUP
START GROUP
LOAD C:/ST/STM32CubeIDE_2.0.0/STM32CubeIDE/plugins/com.st.stm32cube.ide.mcu.externaltools.gnu-tools-for-stm32.14.3.rel1.win32_1.0.100.202602081740/tools/bin/../lib/gcc/arm-none-eabi/14.3.1/thumb/v7e-m+fp/hard\libgcc.a
LOAD C:/ST/STM32CubeIDE_2.0.0/STM32CubeIDE/plugins/com.st.stm32cube.ide.mcu.externaltools.gnu-tools-for-stm32.14.3.rel1.win32_1.0.100.202602081740/tools/bin/../lib/gcc/arm-none-eabi/14.3.1/../../../../arm-none-eabi/lib/thumb/v7e-m+fp/hard\libc_nano.a
LOAD C:/ST/STM32CubeIDE_2.0.0/STM32CubeIDE/plugins/com.st.stm32cube.ide.mcu.externaltools.gnu-tools-for-stm32.14.3.rel1.win32_1.0.100.202602081740/tools/bin/../lib/gcc/arm-none-eabi/14.3.1/../../../../arm-none-eabi/lib/thumb/v7e-m+fp/hard\libnosys.a
END GROUP
LOAD C:/ST/STM32CubeIDE_2.0.0/STM32CubeIDE/plugins/com.st.stm32cube.ide.mcu.externaltools.gnu-tools-for-stm32.14.3.rel1.win32_1.0.100.202602081740/tools/bin/../lib/gcc/arm-none-eabi/14.3.1/thumb/v7e-m+fp/hard/crtend.o
LOAD C:/ST/STM32CubeIDE_2.0.0/STM32CubeIDE/plugins/com.st.stm32cube.ide.mcu.externaltools.gnu-tools-for-stm32.14.3.rel1.win32_1.0.100.202602081740/tools/bin/../lib/gcc/arm-none-eabi/14.3.1/thumb/v7e-m+fp/hard/crtn.o
                0x20018000                        _estack = (ORIGIN (RAM) + LENGTH (RAM))
                0x00000200                        _Min_Heap_Size = 0x200
                0x00000400                        _Min_Stack_Size = 0x400

.isr_vector     0x08000000      0x18c
                0x08000000                        . = ALIGN (0x4)
 *(.isr_vector)
 .isr_vector    0x08000000      0x18c ./Startup/startup_stm32l476rgtx.o
                0x08000000                g_pfnVectors
                0x0800018c                        . = ALIGN (0x4)

.text           0x08000190     0x1b84
                0x08000190                        . = ALIGN (0x4)
 *(.text)
 .text          0x08000190       0x40 C:/ST/STM32CubeIDE_2.0.0/STM32CubeIDE/plugins/com.st.stm32cube.ide.mcu.externaltools.gnu-tools-for-stm32.14.3.rel1.win32_1.0.100.202602081740/tools/bin/../lib/gcc/arm-none-eabi/14.3.1/thumb/v7e-m+fp/hard/crtbegin.o
 .text          0x080001d0       0xa0 C:/ST/STM32CubeIDE_2.0.0/STM32CubeIDE/plugins/com.st.stm32cube.ide.mcu.externaltools.gnu-tools-for-stm32.14.3.rel1.win32_1.0.100.202602081740/tools/bin/../lib/gcc/arm-none-eabi/14.3.1/../../../../arm-none-eabi/lib/thumb/v7e-m+fp/hard\libc_nano.a(libc_a-memchr.o)
                0x080001d0                memchr
 *(.text*)
 .text.filter2nd_init
                0x08000270       0xdc ./Src/EMGFilters.o
 .text.filter2nd_update
                0x0800034c       0xa2 ./Src/EMGFilters.o
 *fill*         0x080003ee        0x2 
 .text.filter4th_init
                0x080003f0      0x11c ./Src/EMGFilters.o
 .text.filter4th_update
                0x0800050c      0x110 ./Src/EMGFilters.o
 .text.EMGFilters_Init
                0x0800061c       0xa0 ./Src/EMGFilters.o
                0x0800061c                EMGFilters_Init
 .text.EMGFilters_Update
                0x080006bc       0x94 ./Src/EMGFilters.o
                0x080006bc                EMGFilters_Update
 .text.TIM2_ADC_Trigger_Init
                0x08000750       0x80 ./Src/adc.o
                0x08000750                TIM2_ADC_Trigger_Init
 .text.ADC_Wakeup
                0x080007d0       0x50 ./Src/adc.o
                0x080007d0                ADC_Wakeup
 .text.ADC_Common_Configuration
                0x08000820       0x60 ./Src/adc.o
                0x08000820                ADC_Common_Configuration
 .text.ADC_Pin_Init
                0x08000880       0x50 ./Src/adc.o
                0x08000880                ADC_Pin_Init
 .text.ADC_Init
                0x080008d0      0x14c ./Src/adc.o
                0x080008d0                ADC_Init
 .text.enable_buzz
                0x08000a1c       0x58 ./Src/detection.o
 .text.disable_buzz
                0x08000a74       0x5c ./Src/detection.o
 .text.detection_update
                0x08000ad0      0x168 ./Src/detection.o
 .text.process_samples
                0x08000c38       0xc4 ./Src/detection.o
                0x08000c38                process_samples
 .text.Detection_Init
                0x08000cfc       0x3c ./Src/detection.o
                0x08000cfc                Detection_Init
 .text.__NVIC_EnableIRQ
                0x08000d38       0x3c ./Src/dma.o
 .text.DMA_Init
                0x08000d74       0xf0 ./Src/dma.o
                0x08000d74                DMA_Init
 .text.DMA1_CH1_IRQHandler
                0x08000e64       0x58 ./Src/dma.o
                0x08000e64                DMA1_CH1_IRQHandler
 .text.LEDs_Init
                0x08000ebc       0x3c ./Src/led.o
                0x08000ebc                LEDs_Init
 .text.led_pin_config
                0x08000ef8       0x92 ./Src/led.o
 .text.LED1_On  0x08000f8a       0x1e ./Src/led.o
                0x08000f8a                LED1_On
 .text.LED1_Off
                0x08000fa8       0x1e ./Src/led.o
                0x08000fa8                LED1_Off
 .text.LED2_On  0x08000fc6       0x1e ./Src/led.o
                0x08000fc6                LED2_On
 .text.LED2_Off
                0x08000fe4       0x1e ./Src/led.o
                0x08000fe4                LED2_Off
 .text.LED3_On  0x08001002       0x1e ./Src/led.o
                0x08001002                LED3_On
 .text.LED3_Off
                0x08001020       0x1e ./Src/led.o
                0x08001020                LED3_Off
 *fill*         0x0800103e        0x2 
 .text.main     0x08001040       0x80 ./Src/main.o
                0x08001040                main
 .text.Motor_Init
                0x080010c0       0x80 ./Src/motor.o
                0x080010c0                Motor_Init
 .text.Motor_On
                0x08001140       0x1e ./Src/motor.o
                0x08001140                Motor_On
 .text.Motor_Off
                0x0800115e       0x1e ./Src/motor.o
                0x0800115e                Motor_Off
 .text._sbrk    0x0800117c       0x6c ./Src/sysmem.o
                0x0800117c                _sbrk
 .text.USART2_Init
                0x080011e8       0x28 ./Src/usart2.o
                0x080011e8                USART2_Init
 .text.USART2_Pin_Init
                0x08001210       0x60 ./Src/usart2.o
                0x08001210                USART2_Pin_Init
 .text.USART_Init
                0x08001270       0x82 ./Src/usart2.o
                0x08001270                USART_Init
 *fill*         0x080012f2        0x2 
 .text.SendIt   0x080012f4       0x4c ./Src/usart2.o
                0x080012f4                SendIt
 .text.Reset_Handler
                0x08001340       0x50 ./Startup/startup_stm32l476rgtx.o
                0x08001340                Reset_Handler
 .text.Default_Handler
                0x08001390        0x2 ./Startup/startup_stm32l476rgtx.o
                0x08001390                EXTI2_IRQHandler
                0x08001390                TIM8_TRG_COM_IRQHandler
                0x08001390                TIM8_CC_IRQHandler
                0x08001390                DebugMon_Handler
                0x08001390                DMA1_CH4_IRQHandler
                0x08001390                TIM1_CC_IRQHandler
                0x08001390                TSC_IRQHandler
                0x08001390                HardFault_Handler
                0x08001390                SysTick_Handler
                0x08001390                TAMP_STAMP_IRQHandler
                0x08001390                PendSV_Handler
                0x08001390                NMI_Handler
                0x08001390                EXTI3_IRQHandler
                0x08001390                LPTIM2_IRQHandler
                0x08001390                DFSDM1_FLT1_IRQHandler
                0x08001390                I2C3_ER_IRQHandler
                0x08001390                DFSDM1_FLT2_IRQHandler
                0x08001390                TIM6_DACUNDER_IRQHandler
                0x08001390                EXTI0_IRQHandler
                0x08001390                I2C2_EV_IRQHandler
                0x08001390                DMA2_CH1_IRQHandler
                0x08001390                CAN1_RX0_IRQHandler
                0x08001390                FPU_IRQHandler
                0x08001390                TIM1_UP_TIM16_IRQHandler
                0x08001390                DMA2_CH7_IRQHandler
                0x08001390                UsageFault_Handler
                0x08001390                ADC1_2_IRQHandler
                0x08001390                SPI1_IRQHandler
                0x08001390                DMA1_CH7_IRQHandler
                0x08001390                TIM8_UP_IRQHandler
                0x08001390                RTC_ALARM_IRQHandler
                0x08001390                SAI2_IRQHandler
                0x08001390                DFSDM1_FLT3_IRQHandler
                0x08001390                DMA1_CH6_IRQHandler
                0x08001390                USART3_IRQHandler
                0x08001390                CAN1_RX1_IRQHandler
                0x08001390                LCD_IRQHandler
                0x08001390                UART5_IRQHandler
                0x08001390                ADC3_IRQHandler
                0x08001390                TIM4_IRQHandler
                0x08001390                QUADSPI_IRQHandler
                0x08001390                I2C1_EV_IRQHandler
                0x08001390                DMA2_CH5_IRQHandler
                0x08001390                UART4_IRQHandler
                0x08001390                DMA1_CH3_IRQHandler
                0x08001390                TIM3_IRQHandler
                0x08001390                RCC_IRQHandler
                0x08001390                Default_Handler
                0x08001390                EXTI15_10_IRQHandler
                0x08001390                TIM7_IRQHandler
                0x08001390                SDMMC1_IRQHandler
                0x08001390                TIM5_IRQHandler
                0x08001390                I2C3_EV_IRQHandler
                0x08001390                EXTI9_5_IRQHandler
                0x08001390                DMA1_CH2_IRQHandler
                0x08001390                RTC_WKUP_IRQHandler
                0x08001390                PVD_PVM_IRQHandler
                0x08001390                SPI2_IRQHandler
                0x08001390                MemManage_Handler
                0x08001390                CAN1_TX_IRQHandler
                0x08001390                SVC_Handler
                0x08001390                CRS_IRQHandler
                0x08001390                EXTI4_IRQHandler
                0x08001390                RNG_IRQHandler
                0x08001390                TIM1_TRG_COM_TIM17_IRQHandler
                0x08001390                COMP_IRQHandler
                0x08001390                WWDG_IRQHandler
                0x08001390                LPUART1_IRQHandler
                0x08001390                TIM2_IRQHandler
                0x08001390                EXTI1_IRQHandler
                0x08001390                USART2_IRQHandler
                0x08001390                DFSDM1_FLT0_IRQHandler
                0x08001390                I2C2_ER_IRQHandler
                0x08001390                TIM8_BRK_IRQHandler
                0x08001390                CAN1_SCE_IRQHandler
                0x08001390                FLASH_IRQHandler
                0x08001390                BusFault_Handler
                0x08001390                USART1_IRQHandler
                0x08001390                OTG_FS_IRQHandler
                0x08001390                SPI3_IRQHandler
                0x08001390                DMA2_CH6_IRQHandler
                0x08001390                DMA2_CH3_IRQHandler
                0x08001390                DMA2_CH2_IRQHandler
                0x08001390                I2C1_ER_IRQHandler
                0x08001390                FMC_IRQHandler
                0x08001390                DMA1_CH5_IRQHandler
                0x08001390                DMA2_CH4_IRQHandler
                0x08001390                SWPMI1_IRQHandler
                0x08001390                LPTIM1_IRQHandler
                0x08001390                SAI1_IRQHandler
                0x08001390                TIM1_BRK_TIM15_IRQHandler
 *fill*         0x08001392        0x2 
 .text.snprintf
                0x08001394       0x6c C:/ST/STM32CubeIDE_2.0.0/STM32CubeIDE/plugins/com.st.stm32cube.ide.mcu.externaltools.gnu-tools-for-stm32.14.3.rel1.win32_1.0.100.202602081740/tools/bin/../lib/gcc/arm-none-eabi/14.3.1/../../../../arm-none-eabi/lib/thumb/v7e-m+fp/hard\libc_nano.a(libc_a-snprintf.o)
                0x08001394                sniprintf
                0x08001394                snprintf
 .text.__errno  0x08001400        0xc C:/ST/STM32CubeIDE_2.0.0/STM32CubeIDE/plugins/com.st.stm32cube.ide.mcu.externaltools.gnu-tools-for-stm32.14.3.rel1.win32_1.0.100.202602081740/tools/bin/../lib/gcc/arm-none-eabi/14.3.1/../../../../arm-none-eabi/lib/thumb/v7e-m+fp/hard\libc_nano.a(libc_a-errno.o)
                0x08001400                __errno
 .text.__libc_init_array
                0x0800140c       0x48 C:/ST/STM32CubeIDE_2.0.0/STM32CubeIDE/plugins/com.st.stm32cube.ide.mcu.externaltools.gnu-tools-for-stm32.14.3.rel1.win32_1.0.100.202602081740/tools/bin/../lib/gcc/arm-none-eabi/14.3.1/../../../../arm-none-eabi/lib/thumb/v7e-m+fp/hard\libc_nano.a(libc_a-init.o)
                0x0800140c                __libc_init_array
 .text.__retarget_lock_acquire_recursive
                0x08001454        0x2 C:/ST/STM32CubeIDE_2.0.0/STM32CubeIDE/plugins/com.st.stm32cube.ide.mcu.externaltools.gnu-tools-for-stm32.14.3.rel1.win32_1.0.100.202602081740/tools/bin/../lib/gcc/arm-none-eabi/14.3.1/../../../../arm-none-eabi/lib/thumb/v7e-m+fp/hard\libc_nano.a(libc_a-lock.o)
                0x08001454                __retarget_lock_acquire_recursive
 .text.__retarget_lock_release_recursive
                0x08001456        0x2 C:/ST/STM32CubeIDE_2.0.0/STM32CubeIDE/plugins/com.st.stm32cube.ide.mcu.externaltools.gnu-tools-for-stm32.14.3.rel1.win32_1.0.100.202602081740/tools/bin/../lib/gcc/arm-none-eabi/14.3.1/../../../../arm-none-eabi/lib/thumb/v7e-m+fp/hard\libc_nano.a(libc_a-lock.o)
                0x08001456                __retarget_lock_release_recursive
 .text._free_r  0x08001458       0x94 C:/ST/STM32CubeIDE_2.0.0/STM32CubeIDE/plugins/com.st.stm32cube.ide.mcu.externaltools.gnu-tools-for-stm32.14.3.rel1.win32_1.0.100.202602081740/tools/bin/../lib/gcc/arm-none-eabi/14.3.1/../../../../arm-none-eabi/lib/thumb/v7e-m+fp/hard\libc_nano.a(libc_a-freer.o)
                0x08001458                _free_r
 .text.sbrk_aligned
                0x080014ec       0x44 C:/ST/STM32CubeIDE_2.0.0/STM32CubeIDE/plugins/com.st.stm32cube.ide.mcu.externaltools.gnu-tools-for-stm32.14.3.rel1.win32_1.0.100.202602081740/tools/bin/../lib/gcc/arm-none-eabi/14.3.1/../../../../arm-none-eabi/lib/thumb/v7e-m+fp/hard\libc_nano.a(libc_a-mallocr.o)
 .text._malloc_r
                0x08001530      0x100 C:/ST/STM32CubeIDE_2.0.0/STM32CubeIDE/plugins/com.st.stm32cube.ide.mcu.externaltools.gnu-tools-for-stm32.14.3.rel1.win32_1.0.100.202602081740/tools/bin/../lib/gcc/arm-none-eabi/14.3.1/../../../../arm-none-eabi/lib/thumb/v7e-m+fp/hard\libc_nano.a(libc_a-mallocr.o)
                0x08001530                _malloc_r
 .text.__malloc_lock
                0x08001630        0xc C:/ST/STM32CubeIDE_2.0.0/STM32CubeIDE/plugins/com.st.stm32cube.ide.mcu.externaltools.gnu-tools-for-stm32.14.3.rel1.win32_1.0.100.202602081740/tools/bin/../lib/gcc/arm-none-eabi/14.3.1/../../../../arm-none-eabi/lib/thumb/v7e-m+fp/hard\libc_nano.a(libc_a-mlock.o)
                0x08001630                __malloc_lock
 .text.__malloc_unlock
                0x0800163c        0xc C:/ST/STM32CubeIDE_2.0.0/STM32CubeIDE/plugins/com.st.stm32cube.ide.mcu.externaltools.gnu-tools-for-stm32.14.3.rel1.win32_1.0.100.202602081740/tools/bin/../lib/gcc/arm-none-eabi/14.3.1/../../../../arm-none-eabi/lib/thumb/v7e-m+fp/hard\libc_nano.a(libc_a-mlock.o)
                0x0800163c                __malloc_unlock
 .text.__ssputs_r
                0x08001648       0xc0 C:/ST/STM32CubeIDE_2.0.0/STM32CubeIDE/plugins/com.st.stm32cube.ide.mcu.externaltools.gnu-tools-for-stm32.14.3.rel1.win32_1.0.100.202602081740/tools/bin/../lib/gcc/arm-none-eabi/14.3.1/../../../../arm-none-eabi/lib/thumb/v7e-m+fp/hard\libc_nano.a(libc_a-nano-svfprintf.o)
                0x08001648                __ssputs_r
 .text._svfprintf_r
                0x08001708      0x1f0 C:/ST/STM32CubeIDE_2.0.0/STM32CubeIDE/plugins/com.st.stm32cube.ide.mcu.externaltools.gnu-tools-for-stm32.14.3.rel1.win32_1.0.100.202602081740/tools/bin/../lib/gcc/arm-none-eabi/14.3.1/../../../../arm-none-eabi/lib/thumb/v7e-m+fp/hard\libc_nano.a(libc_a-nano-svfprintf.o)
                0x08001708                _svfiprintf_r
                0x08001708                _svfprintf_r
 .text._printf_common
                0x080018f8       0xda C:/ST/STM32CubeIDE_2.0.0/STM32CubeIDE/plugins/com.st.stm32cube.ide.mcu.externaltools.gnu-tools-for-stm32.14.3.rel1.win32_1.0.100.202602081740/tools/bin/../lib/gcc/arm-none-eabi/14.3.1/../../../../arm-none-eabi/lib/thumb/v7e-m+fp/hard\libc_nano.a(libc_a-nano-vfprintf_i.o)
                0x080018f8                _printf_common
 *fill*         0x080019d2        0x2 
 .text._printf_i
                0x080019d4      0x24c C:/ST/STM32CubeIDE_2.0.0/STM32CubeIDE/plugins/com.st.stm32cube.ide.mcu.externaltools.gnu-tools-for-stm32.14.3.rel1.win32_1.0.100.202602081740/tools/bin/../lib/gcc/arm-none-eabi/14.3.1/../../../../arm-none-eabi/lib/thumb/v7e-m+fp/hard\libc_nano.a(libc_a-nano-vfprintf_i.o)
                0x080019d4                _printf_i
 .text.memmove  0x08001c20       0x32 C:/ST/STM32CubeIDE_2.0.0/STM32CubeIDE/plugins/com.st.stm32cube.ide.mcu.externaltools.gnu-tools-for-stm32.14.3.rel1.win32_1.0.100.202602081740/tools/bin/../lib/gcc/arm-none-eabi/14.3.1/../../../../arm-none-eabi/lib/thumb/v7e-m+fp/hard\libc_nano.a(libc_a-memmove.o)
                0x08001c20                memmove
 *fill*         0x08001c52        0x2 
 .text._sbrk_r  0x08001c54       0x20 C:/ST/STM32CubeIDE_2.0.0/STM32CubeIDE/plugins/com.st.stm32cube.ide.mcu.externaltools.gnu-tools-for-stm32.14.3.rel1.win32_1.0.100.202602081740/tools/bin/../lib/gcc/arm-none-eabi/14.3.1/../../../../arm-none-eabi/lib/thumb/v7e-m+fp/hard\libc_nano.a(libc_a-sbrkr.o)
                0x08001c54                _sbrk_r
 .text.memcpy   0x08001c74       0x1c C:/ST/STM32CubeIDE_2.0.0/STM32CubeIDE/plugins/com.st.stm32cube.ide.mcu.externaltools.gnu-tools-for-stm32.14.3.rel1.win32_1.0.100.202602081740/tools/bin/../lib/gcc/arm-none-eabi/14.3.1/../../../../arm-none-eabi/lib/thumb/v7e-m+fp/hard\libc_nano.a(libc_a-memcpy-stub.o)
                0x08001c74                memcpy
 .text._realloc_r
                0x08001c90       0x5c C:/ST/STM32CubeIDE_2.0.0/STM32CubeIDE/plugins/com.st.stm32cube.ide.mcu.externaltools.gnu-tools-for-stm32.14.3.rel1.win32_1.0.100.202602081740/tools/bin/../lib/gcc/arm-none-eabi/14.3.1/../../../../arm-none-eabi/lib/thumb/v7e-m+fp/hard\libc_nano.a(libc_a-reallocr.o)
                0x08001c90                _realloc_r
 .text._malloc_usable_size_r
                0x08001cec       0x10 C:/ST/STM32CubeIDE_2.0.0/STM32CubeIDE/plugins/com.st.stm32cube.ide.mcu.externaltools.gnu-tools-for-stm32.14.3.rel1.win32_1.0.100.202602081740/tools/bin/../lib/gcc/arm-none-eabi/14.3.1/../../../../arm-none-eabi/lib/thumb/v7e-m+fp/hard\libc_nano.a(libc_a-msizer.o)
                0x08001cec                _malloc_usable_size_r
 *(.glue_7)
 .glue_7        0x08001cfc        0x0 linker stubs
 *(.glue_7t)
 .glue_7t       0x08001cfc        0x0 linker stubs
 *(.eh_frame)
 .eh_frame      0x08001cfc        0x0 C:/ST/STM32CubeIDE_2.0.0/STM32CubeIDE/plugins/com.st.stm32cube.ide.mcu.externaltools.gnu-tools-for-stm32.14.3.rel1.win32_1.0.100.202602081740/tools/bin/../lib/gcc/arm-none-eabi/14.3.1/thumb/v7e-m+fp/hard/crtbegin.o
 *(.init)
 .init          0x08001cfc        0x4 C:/ST/STM32CubeIDE_2.0.0/STM32CubeIDE/plugins/com.st.stm32cube.ide.mcu.externaltools.gnu-tools-for-stm32.14.3.rel1.win32_1.0.100.202602081740/tools/bin/../lib/gcc/arm-none-eabi/14.3.1/thumb/v7e-m+fp/hard/crti.o
                0x08001cfc                _init
 .init          0x08001d00        0x8 C:/ST/STM32CubeIDE_2.0.0/STM32CubeIDE/plugins/com.st.stm32cube.ide.mcu.externaltools.gnu-tools-for-stm32.14.3.rel1.win32_1.0.100.202602081740/tools/bin/../lib/gcc/arm-none-eabi/14.3.1/thumb/v7e-m+fp/hard/crtn.o
 *(.fini)
 .fini          0x08001d08        0x4 C:/ST/STM32CubeIDE_2.0.0/STM32CubeIDE/plugins/com.st.stm32cube.ide.mcu.externaltools.gnu-tools-for-stm32.14.3.rel1.win32_1.0.100.202602081740/tools/bin/../lib/gcc/arm-none-eabi/14.3.1/thumb/v7e-m+fp/hard/crti.o
                0x08001d08                _fini
 .fini          0x08001d0c        0x8 C:/ST/STM32CubeIDE_2.0.0/STM32CubeIDE/plugins/com.st.stm32cube.ide.mcu.externaltools.gnu-tools-for-stm32.14.3.rel1.win32_1.0.100.202602081740/tools/bin/../lib/gcc/arm-none-eabi/14.3.1/thumb/v7e-m+fp/hard/crtn.o
                0x08001d14                        . = ALIGN (0x4)
                0x08001d14                        _etext = .

.vfp11_veneer   0x08001d14        0x0
 .vfp11_veneer  0x08001d14        0x0 linker stubs

.v4_bx          0x08001d14        0x0
 .v4_bx         0x08001d14        0x0 linker stubs

.iplt           0x08001d14        0x0
 .iplt          0x08001d14        0x0 C:/ST/STM32CubeIDE_2.0.0/STM32CubeIDE/plugins/com.st.stm32cube.ide.mcu.externaltools.gnu-tools-for-stm32.14.3.rel1.win32_1.0.100.202602081740/tools/bin/../lib/gcc/arm-none-eabi/14.3.1/thumb/v7e-m+fp/hard/crtbegin.o

.rodata         0x08001d14      0x188
                0x08001d14                        . = ALIGN (0x4)
 *(.rodata)
 .rodata        0x08001d14       0x22 ./Src/detection.o
 *(.rodata*)
 *fill*         0x08001d36        0x2 
 .rodata.lpf_num
                0x08001d38       0x18 ./Src/EMGFilters.o
 .rodata.lpf_den
                0x08001d50       0x18 ./Src/EMGFilters.o
 .rodata.hpf_num
                0x08001d68       0x18 ./Src/EMGFilters.o
 .rodata.hpf_den
                0x08001d80       0x18 ./Src/EMGFilters.o
 .rodata.ahf_num_50
                0x08001d98       0x30 ./Src/EMGFilters.o
 .rodata.ahf_den_50
                0x08001dc8       0x30 ./Src/EMGFilters.o
 .rodata.ahf_gain_50
                0x08001df8        0x8 ./Src/EMGFilters.o
 .rodata.ahf_num_60
                0x08001e00       0x30 ./Src/EMGFilters.o
 .rodata.ahf_den_60
                0x08001e30       0x30 ./Src/EMGFilters.o
 .rodata.ahf_gain_60
                0x08001e60        0x8 ./Src/EMGFilters.o
 .rodata._svfprintf_r.str1.1
                0x08001e68       0x33 C:/ST/STM32CubeIDE_2.0.0/STM32CubeIDE/plugins/com.st.stm32cube.ide.mcu.externaltools.gnu-tools-for-stm32.14.3.rel1.win32_1.0.100.202602081740/tools/bin/../lib/gcc/arm-none-eabi/14.3.1/../../../../arm-none-eabi/lib/thumb/v7e-m+fp/hard\libc_nano.a(libc_a-nano-svfprintf.o)
                                 0x11 (size before relaxing)
 .rodata._printf_i.str1.1
                0x08001e9b       0x22 C:/ST/STM32CubeIDE_2.0.0/STM32CubeIDE/plugins/com.st.stm32cube.ide.mcu.externaltools.gnu-tools-for-stm32.14.3.rel1.win32_1.0.100.202602081740/tools/bin/../lib/gcc/arm-none-eabi/14.3.1/../../../../arm-none-eabi/lib/thumb/v7e-m+fp/hard\libc_nano.a(libc_a-nano-vfprintf_i.o)
                0x08001ec0                        . = ALIGN (0x4)
 *fill*         0x08001e9b        0x1 

.ARM.extab      0x08001e9c        0x0
                0x08001e9c                        . = ALIGN (0x4)
 *(.ARM.extab* .gnu.linkonce.armextab.*)
                0x08001e9c                        . = ALIGN (0x4)

.ARM            0x08001e9c        0x8
                0x08001e9c                        . = ALIGN (0x4)
                0x08001e9c                        __exidx_start = .
 *(.ARM.exidx*)
 .ARM.exidx     0x08001e9c        0x8 C:/ST/STM32CubeIDE_2.0.0/STM32CubeIDE/plugins/com.st.stm32cube.ide.mcu.externaltools.gnu-tools-for-stm32.14.3.rel1.win32_1.0.100.202602081740/tools/bin/../lib/gcc/arm-none-eabi/14.3.1/../../../../arm-none-eabi/lib/thumb/v7e-m+fp/hard\libc_nano.a(libc_a-memchr.o)
                0x08001ea4                        __exidx_end = .
                0x08001ea4                        . = ALIGN (0x4)

.preinit_array  0x08001ea4        0x0
                0x08001ea4                        . = ALIGN (0x4)
                0x08001ea4                        PROVIDE (__preinit_array_start = .)
 *(.preinit_array*)
                0x08001ea4                        PROVIDE (__preinit_array_end = .)
                0x08001ea4                        . = ALIGN (0x4)

.init_array     0x08001ea4        0x4
                0x08001ea4                        . = ALIGN (0x4)
                0x08001ea4                        PROVIDE (__init_array_start = .)
 *(SORT_BY_NAME(.init_array.*))
 *(.init_array*)
 .init_array    0x08001ea4        0x4 C:/ST/STM32CubeIDE_2.0.0/STM32CubeIDE/plugins/com.st.stm32cube.ide.mcu.externaltools.gnu-tools-for-stm32.14.3.rel1.win32_1.0.100.202602081740/tools/bin/../lib/gcc/arm-none-eabi/14.3.1/thumb/v7e-m+fp/hard/crtbegin.o
                0x08001ea8                        PROVIDE (__init_array_end = .)
                0x08001ea8                        . = ALIGN (0x4)

.fini_array     0x08001ea8        0x4
                0x08001ea8                        . = ALIGN (0x4)
                [!provide]                        PROVIDE (__fini_array_start = .)
 *(SORT_BY_NAME(.fini_array.*))
 *(.fini_array*)
 .fini_array    0x08001ea8        0x4 C:/ST/STM32CubeIDE_2.0.0/STM32CubeIDE/plugins/com.st.stm32cube.ide.mcu.externaltools.gnu-tools-for-stm32.14.3.rel1.win32_1.0.100.202602081740/tools/bin/../lib/gcc/arm-none-eabi/14.3.1/thumb/v7e-m+fp/hard/crtbegin.o
                [!provide]                        PROVIDE (__fini_array_end = .)
                0x08001eac                        . = ALIGN (0x4)
                0x08001eac                        _sidata = LOADADDR (.data)

.rel.dyn        0x08001eac        0x0
 .rel.iplt      0x08001eac        0x0 C:/ST/STM32CubeIDE_2.0.0/STM32CubeIDE/plugins/com.st.stm32cube.ide.mcu.externaltools.gnu-tools-for-stm32.14.3.rel1.win32_1.0.100.202602081740/tools/bin/../lib/gcc/arm-none-eabi/14.3.1/thumb/v7e-m+fp/hard/crtbegin.o

.data           0x20000000       0x50 load address 0x08001eac
                0x20000000                        . = ALIGN (0x4)
                0x20000000                        _sdata = .
 *(.data)
 *(.data*)
 .data._impure_ptr
                0x20000000        0x4 C:/ST/STM32CubeIDE_2.0.0/STM32CubeIDE/plugins/com.st.stm32cube.ide.mcu.externaltools.gnu-tools-for-stm32.14.3.rel1.win32_1.0.100.202602081740/tools/bin/../lib/gcc/arm-none-eabi/14.3.1/../../../../arm-none-eabi/lib/thumb/v7e-m+fp/hard\libc_nano.a(libc_a-impure.o)
                0x20000000                _impure_ptr
 .data._impure_data
                0x20000004       0x4c C:/ST/STM32CubeIDE_2.0.0/STM32CubeIDE/plugins/com.st.stm32cube.ide.mcu.externaltools.gnu-tools-for-stm32.14.3.rel1.win32_1.0.100.202602081740/tools/bin/../lib/gcc/arm-none-eabi/14.3.1/../../../../arm-none-eabi/lib/thumb/v7e-m+fp/hard\libc_nano.a(libc_a-impure.o)
                0x20000004                _impure_data
 *(.RamFunc)
 *(.RamFunc*)
                0x20000050                        . = ALIGN (0x4)
                0x20000050                        _edata = .
                0x08001efc                        _sisram2 = LOADADDR (.sram2)

.igot.plt       0x20000050        0x0 load address 0x08001efc
 .igot.plt      0x20000050        0x0 C:/ST/STM32CubeIDE_2.0.0/STM32CubeIDE/plugins/com.st.stm32cube.ide.mcu.externaltools.gnu-tools-for-stm32.14.3.rel1.win32_1.0.100.202602081740/tools/bin/../lib/gcc/arm-none-eabi/14.3.1/thumb/v7e-m+fp/hard/crtbegin.o

.sram2          0x10000000        0x0 load address 0x08001efc
                0x10000000                        . = ALIGN (0x4)
                0x10000000                        _ssram2 = .
 *(.sram2)
 *(.sram2*)
                0x10000000                        . = ALIGN (0x4)
                0x10000000                        _esram2 = .
                0x10000000                        . = ALIGN (0x4)

.bss            0x20000050      0x408
                0x20000050                        _sbss = .
                0x20000050                        __bss_start__ = _sbss
 *(.bss)
 .bss           0x20000050       0x1c C:/ST/STM32CubeIDE_2.0.0/STM32CubeIDE/plugins/com.st.stm32cube.ide.mcu.externaltools.gnu-tools-for-stm32.14.3.rel1.win32_1.0.100.202602081740/tools/bin/../lib/gcc/arm-none-eabi/14.3.1/thumb/v7e-m+fp/hard/crtbegin.o
 *(.bss*)
 .bss.LPF       0x2000006c       0x20 ./Src/EMGFilters.o
 .bss.HPF       0x2000008c       0x20 ./Src/EMGFilters.o
 .bss.AHF       0x200000ac       0x44 ./Src/EMGFilters.o
 .bss.s_bypass  0x200000f0        0x1 ./Src/EMGFilters.o
 .bss.s_notch_en
                0x200000f1        0x1 ./Src/EMGFilters.o
 .bss.s_lp_en   0x200000f2        0x1 ./Src/EMGFilters.o
 .bss.s_hp_en   0x200000f3        0x1 ./Src/EMGFilters.o
 .bss.adc_dma_buffer
                0x200000f4      0x200 ./Src/adc.o
                0x200000f4                adc_dma_buffer
 .bss.state     0x200002f4        0x1 ./Src/detection.o
 *fill*         0x200002f5        0x3 
 .bss.state_timer
                0x200002f8        0x4 ./Src/detection.o
 .bss.hit_count
                0x200002fc        0x1 ./Src/detection.o
 .bss.enable_system
                0x200002fd        0x1 ./Src/detection.o
 *fill*         0x200002fe        0x2 
 .bss.wear_counter
                0x20000300        0x4 ./Src/detection.o
 .bss.offwear_counter
                0x20000304        0x4 ./Src/detection.o
 .bss.half_ready
                0x20000308        0x1 ./Src/dma.o
                0x20000308                half_ready
 .bss.full_ready
                0x20000309        0x1 ./Src/dma.o
                0x20000309                full_ready
 *fill*         0x2000030a        0x2 
 .bss.__sbrk_heap_end
                0x2000030c        0x4 ./Src/sysmem.o
 .bss.__sf      0x20000310      0x138 C:/ST/STM32CubeIDE_2.0.0/STM32CubeIDE/plugins/com.st.stm32cube.ide.mcu.externaltools.gnu-tools-for-stm32.14.3.rel1.win32_1.0.100.202602081740/tools/bin/../lib/gcc/arm-none-eabi/14.3.1/../../../../arm-none-eabi/lib/thumb/v7e-m+fp/hard\libc_nano.a(libc_a-findfp.o)
                0x20000310                __sf
 .bss.errno     0x20000448        0x4 C:/ST/STM32CubeIDE_2.0.0/STM32CubeIDE/plugins/com.st.stm32cube.ide.mcu.externaltools.gnu-tools-for-stm32.14.3.rel1.win32_1.0.100.202602081740/tools/bin/../lib/gcc/arm-none-eabi/14.3.1/../../../../arm-none-eabi/lib/thumb/v7e-m+fp/hard\libc_nano.a(libc_a-reent.o)
                0x20000448                errno
 .bss.__lock___malloc_recursive_mutex
                0x2000044c        0x1 C:/ST/STM32CubeIDE_2.0.0/STM32CubeIDE/plugins/com.st.stm32cube.ide.mcu.externaltools.gnu-tools-for-stm32.14.3.rel1.win32_1.0.100.202602081740/tools/bin/../lib/gcc/arm-none-eabi/14.3.1/../../../../arm-none-eabi/lib/thumb/v7e-m+fp/hard\libc_nano.a(libc_a-lock.o)
                0x2000044c                __lock___malloc_recursive_mutex
 *fill*         0x2000044d        0x3 
 .bss.__malloc_sbrk_start
                0x20000450        0x4 C:/ST/STM32CubeIDE_2.0.0/STM32CubeIDE/plugins/com.st.stm32cube.ide.mcu.externaltools.gnu-tools-for-stm32.14.3.rel1.win32_1.0.100.202602081740/tools/bin/../lib/gcc/arm-none-eabi/14.3.1/../../../../arm-none-eabi/lib/thumb/v7e-m+fp/hard\libc_nano.a(libc_a-mallocr.o)
                0x20000450                __malloc_sbrk_start
 .bss.__malloc_free_list
                0x20000454        0x4 C:/ST/STM32CubeIDE_2.0.0/STM32CubeIDE/plugins/com.st.stm32cube.ide.mcu.externaltools.gnu-tools-for-stm32.14.3.rel1.win32_1.0.100.202602081740/tools/bin/../lib/gcc/arm-none-eabi/14.3.1/../../../../arm-none-eabi/lib/thumb/v7e-m+fp/hard\libc_nano.a(libc_a-mallocr.o)
                0x20000454                __malloc_free_list
 *(COMMON)
                0x20000458                        . = ALIGN (0x4)
                0x20000458                        _ebss = .
                0x20000458                        __bss_end__ = _ebss

._user_heap_stack
                0x20000458      0x600
                0x20000458                        . = ALIGN (0x8)
                [!provide]                        PROVIDE (end = .)
                0x20000458                        PROVIDE (_end = .)
                0x20000658                        . = (. + _Min_Heap_Size)
 *fill*         0x20000458      0x200 
                0x20000a58                        . = (. + _Min_Stack_Size)
 *fill*         0x20000658      0x400 
                0x20000a58                        . = ALIGN (0x8)

/DISCARD/
 libc.a(*)
 libm.a(*)
 libgcc.a(*)

.ARM.attributes
                0x00000000       0x30
 *(.ARM.attributes)
 .ARM.attributes
                0x00000000       0x22 C:/ST/STM32CubeIDE_2.0.0/STM32CubeIDE/plugins/com.st.stm32cube.ide.mcu.externaltools.gnu-tools-for-stm32.14.3.rel1.win32_1.0.100.202602081740/tools/bin/../lib/gcc/arm-none-eabi/14.3.1/thumb/v7e-m+fp/hard/crti.o
 .ARM.attributes
                0x00000022       0x34 C:/ST/STM32CubeIDE_2.0.0/STM32CubeIDE/plugins/com.st.stm32cube.ide.mcu.externaltools.gnu-tools-for-stm32.14.3.rel1.win32_1.0.100.202602081740/tools/bin/../lib/gcc/arm-none-eabi/14.3.1/thumb/v7e-m+fp/hard/crtbegin.o
 .ARM.attributes
                0x00000056       0x34 ./Src/EMGFilters.o
 .ARM.attributes
                0x0000008a       0x34 ./Src/adc.o
 .ARM.attributes
                0x000000be       0x34 ./Src/detection.o
 .ARM.attributes
                0x000000f2       0x34 ./Src/dma.o
 .ARM.attributes
                0x00000126       0x34 ./Src/led.o
 .ARM.attributes
                0x0000015a       0x34 ./Src/main.o
 .ARM.attributes
                0x0000018e       0x34 ./Src/motor.o
 .ARM.attributes
                0x000001c2       0x34 ./Src/sysmem.o
 .ARM.attributes
                0x000001f6       0x34 ./Src/usart2.o
 .ARM.attributes
                0x0000022a       0x21 ./Startup/startup_stm32l476rgtx.o
 .ARM.attributes
                0x0000024b       0x34 C:/ST/STM32CubeIDE_2.0.0/STM32CubeIDE/plugins/com.st.stm32cube.ide.mcu.externaltools.gnu-tools-for-stm32.14.3.rel1.win32_1.0.100.202602081740/tools/bin/../lib/gcc/arm-none-eabi/14.3.1/../../../../arm-none-eabi/lib/thumb/v7e-m+fp/hard\libc_nano.a(libc_a-findfp.o)
 .ARM.attributes
                0x0000027f       0x34 C:/ST/STM32CubeIDE_2.0.0/STM32CubeIDE/plugins/com.st.stm32cube.ide.mcu.externaltools.gnu-tools-for-stm32.14.3.rel1.win32_1.0.100.202602081740/tools/bin/../lib/gcc/arm-none-eabi/14.3.1/../../../../arm-none-eabi/lib/thumb/v7e-m+fp/hard\libc_nano.a(libc_a-snprintf.o)
 .ARM.attributes
                0x000002b3       0x34 C:/ST/STM32CubeIDE_2.0.0/STM32CubeIDE/plugins/com.st.stm32cube.ide.mcu.externaltools.gnu-tools-for-stm32.14.3.rel1.win32_1.0.100.202602081740/tools/bin/../lib/gcc/arm-none-eabi/14.3.1/../../../../arm-none-eabi/lib/thumb/v7e-m+fp/hard\libc_nano.a(libc_a-reent.o)
 .ARM.attributes
                0x000002e7       0x34 C:/ST/STM32CubeIDE_2.0.0/STM32CubeIDE/plugins/com.st.stm32cube.ide.mcu.externaltools.gnu-tools-for-stm32.14.3.rel1.win32_1.0.100.202602081740/tools/bin/../lib/gcc/arm-none-eabi/14.3.1/../../../../arm-none-eabi/lib/thumb/v7e-m+fp/hard\libc_nano.a(libc_a-impure.o)
 .ARM.attributes
                0x0000031b       0x34 C:/ST/STM32CubeIDE_2.0.0/STM32CubeIDE/plugins/com.st.stm32cube.ide.mcu.externaltools.gnu-tools-for-stm32.14.3.rel1.win32_1.0.100.202602081740/tools/bin/../lib/gcc/arm-none-eabi/14.3.1/../../../../arm-none-eabi/lib/thumb/v7e-m+fp/hard\libc_nano.a(libc_a-errno.o)
 .ARM.attributes
                0x0000034f       0x34 C:/ST/STM32CubeIDE_2.0.0/STM32CubeIDE/plugins/com.st.stm32cube.ide.mcu.externaltools.gnu-tools-for-stm32.14.3.rel1.win32_1.0.100.202602081740/tools/bin/../lib/gcc/arm-none-eabi/14.3.1/../../../../arm-none-eabi/lib/thumb/v7e-m+fp/hard\libc_nano.a(libc_a-init.o)
 .ARM.attributes
                0x00000383       0x34 C:/ST/STM32CubeIDE_2.0.0/STM32CubeIDE/plugins/com.st.stm32cube.ide.mcu.externaltools.gnu-tools-for-stm32.14.3.rel1.win32_1.0.100.202602081740/tools/bin/../lib/gcc/arm-none-eabi/14.3.1/../../../../arm-none-eabi/lib/thumb/v7e-m+fp/hard\libc_nano.a(libc_a-lock.o)
 .ARM.attributes
                0x000003b7       0x34 C:/ST/STM32CubeIDE_2.0.0/STM32CubeIDE/plugins/com.st.stm32cube.ide.mcu.externaltools.gnu-tools-for-stm32.14.3.rel1.win32_1.0.100.202602081740/tools/bin/../lib/gcc/arm-none-eabi/14.3.1/../../../../arm-none-eabi/lib/thumb/v7e-m+fp/hard\libc_nano.a(libc_a-freer.o)
 .ARM.attributes
                0x000003eb       0x34 C:/ST/STM32CubeIDE_2.0.0/STM32CubeIDE/plugins/com.st.stm32cube.ide.mcu.externaltools.gnu-tools-for-stm32.14.3.rel1.win32_1.0.100.202602081740/tools/bin/../lib/gcc/arm-none-eabi/14.3.1/../../../../arm-none-eabi/lib/thumb/v7e-m+fp/hard\libc_nano.a(libc_a-mallocr.o)
 .ARM.attributes
                0x0000041f       0x34 C:/ST/STM32CubeIDE_2.0.0/STM32CubeIDE/plugins/com.st.stm32cube.ide.mcu.externaltools.gnu-tools-for-stm32.14.3.rel1.win32_1.0.100.202602081740/tools/bin/../lib/gcc/arm-none-eabi/14.3.1/../../../../arm-none-eabi/lib/thumb/v7e-m+fp/hard\libc_nano.a(libc_a-mlock.o)
 .ARM.attributes
                0x00000453       0x34 C:/ST/STM32CubeIDE_2.0.0/STM32CubeIDE/plugins/com.st.stm32cube.ide.mcu.externaltools.gnu-tools-for-stm32.14.3.rel1.win32_1.0.100.202602081740/tools/bin/../lib/gcc/arm-none-eabi/14.3.1/../../../../arm-none-eabi/lib/thumb/v7e-m+fp/hard\libc_nano.a(libc_a-nano-svfprintf.o)
 .ARM.attributes
                0x00000487       0x34 C:/ST/STM32CubeIDE_2.0.0/STM32CubeIDE/plugins/com.st.stm32cube.ide.mcu.externaltools.gnu-tools-for-stm32.14.3.rel1.win32_1.0.100.202602081740/tools/bin/../lib/gcc/arm-none-eabi/14.3.1/../../../../arm-none-eabi/lib/thumb/v7e-m+fp/hard\libc_nano.a(libc_a-nano-vfprintf_i.o)
 .ARM.attributes
                0x000004bb       0x34 C:/ST/STM32CubeIDE_2.0.0/STM32CubeIDE/plugins/com.st.stm32cube.ide.mcu.externaltools.gnu-tools-for-stm32.14.3.rel1.win32_1.0.100.202602081740/tools/bin/../lib/gcc/arm-none-eabi/14.3.1/../../../../arm-none-eabi/lib/thumb/v7e-m+fp/hard\libc_nano.a(libc_a-memmove.o)
 .ARM.attributes
                0x000004ef       0x34 C:/ST/STM32CubeIDE_2.0.0/STM32CubeIDE/plugins/com.st.stm32cube.ide.mcu.externaltools.gnu-tools-for-stm32.14.3.rel1.win32_1.0.100.202602081740/tools/bin/../lib/gcc/arm-none-eabi/14.3.1/../../../../arm-none-eabi/lib/thumb/v7e-m+fp/hard\libc_nano.a(libc_a-sbrkr.o)
 .ARM.attributes
                0x00000523       0x1c C:/ST/STM32CubeIDE_2.0.0/STM32CubeIDE/plugins/com.st.stm32cube.ide.mcu.externaltools.gnu-tools-for-stm32.14.3.rel1.win32_1.0.100.202602081740/tools/bin/../lib/gcc/arm-none-eabi/14.3.1/../../../../arm-none-eabi/lib/thumb/v7e-m+fp/hard\libc_nano.a(libc_a-memchr.o)
 .ARM.attributes
                0x0000053f       0x34 C:/ST/STM32CubeIDE_2.0.0/STM32CubeIDE/plugins/com.st.stm32cube.ide.mcu.externaltools.gnu-tools-for-stm32.14.3.rel1.win32_1.0.100.202602081740/tools/bin/../lib/gcc/arm-none-eabi/14.3.1/../../../../arm-none-eabi/lib/thumb/v7e-m+fp/hard\libc_nano.a(libc_a-memcpy-stub.o)
 .ARM.attributes
                0x00000573       0x34 C:/ST/STM32CubeIDE_2.0.0/STM32CubeIDE/plugins/com.st.stm32cube.ide.mcu.externaltools.gnu-tools-for-stm32.14.3.rel1.win32_1.0.100.202602081740/tools/bin/../lib/gcc/arm-none-eabi/14.3.1/../../../../arm-none-eabi/lib/thumb/v7e-m+fp/hard\libc_nano.a(libc_a-reallocr.o)
 .ARM.attributes
                0x000005a7       0x34 C:/ST/STM32CubeIDE_2.0.0/STM32CubeIDE/plugins/com.st.stm32cube.ide.mcu.externaltools.gnu-tools-for-stm32.14.3.rel1.win32_1.0.100.202602081740/tools/bin/../lib/gcc/arm-none-eabi/14.3.1/../../../../arm-none-eabi/lib/thumb/v7e-m+fp/hard\libc_nano.a(libc_a-msizer.o)
 .ARM.attributes
                0x000005db       0x22 C:/ST/STM32CubeIDE_2.0.0/STM32CubeIDE/plugins/com.st.stm32cube.ide.mcu.externaltools.gnu-tools-for-stm32.14.3.rel1.win32_1.0.100.202602081740/tools/bin/../lib/gcc/arm-none-eabi/14.3.1/thumb/v7e-m+fp/hard/crtn.o
OUTPUT(ENGR498_Final_Project.elf elf32-littlearm)
LOAD linker stubs
LOAD C:/ST/STM32CubeIDE_2.0.0/STM32CubeIDE/plugins/com.st.stm32cube.ide.mcu.externaltools.gnu-tools-for-stm32.14.3.rel1.win32_1.0.100.202602081740/tools/bin/../lib/gcc/arm-none-eabi/14.3.1/../../../../arm-none-eabi/lib/thumb/v7e-m+fp/hard\libc.a
LOAD C:/ST/STM32CubeIDE_2.0.0/STM32CubeIDE/plugins/com.st.stm32cube.ide.mcu.externaltools.gnu-tools-for-stm32.14.3.rel1.win32_1.0.100.202602081740/tools/bin/../lib/gcc/arm-none-eabi/14.3.1/../../../../arm-none-eabi/lib/thumb/v7e-m+fp/hard\libm.a
LOAD C:/ST/STM32CubeIDE_2.0.0/STM32CubeIDE/plugins/com.st.stm32cube.ide.mcu.externaltools.gnu-tools-for-stm32.14.3.rel1.win32_1.0.100.202602081740/tools/bin/../lib/gcc/arm-none-eabi/14.3.1/thumb/v7e-m+fp/hard\libgcc.a

.debug_info     0x00000000     0x2b59
 .debug_info    0x00000000      0x5a1 ./Src/EMGFilters.o
 .debug_info    0x000005a1      0x798 ./Src/adc.o
 .debug_info    0x00000d39      0x443 ./Src/detection.o
 .debug_info    0x0000117c      0x952 ./Src/dma.o
 .debug_info    0x00001ace      0x3de ./Src/led.o
 .debug_info    0x00001eac      0x319 ./Src/main.o
 .debug_info    0x000021c5      0x346 ./Src/motor.o
 .debug_info    0x0000250b      0x168 ./Src/sysmem.o
 .debug_info    0x00002673      0x4b6 ./Src/usart2.o
 .debug_info    0x00002b29       0x30 ./Startup/startup_stm32l476rgtx.o

.debug_abbrev   0x00000000      0xb34
 .debug_abbrev  0x00000000      0x188 ./Src/EMGFilters.o
 .debug_abbrev  0x00000188      0x168 ./Src/adc.o
 .debug_abbrev  0x000002f0      0x1b1 ./Src/detection.o
 .debug_abbrev  0x000004a1      0x1ac ./Src/dma.o
 .debug_abbrev  0x0000064d       0xfa ./Src/led.o
 .debug_abbrev  0x00000747      0x12f ./Src/main.o
 .debug_abbrev  0x00000876       0xb7 ./Src/motor.o
 .debug_abbrev  0x0000092d       0xbc ./Src/sysmem.o
 .debug_abbrev  0x000009e9      0x127 ./Src/usart2.o
 .debug_abbrev  0x00000b10       0x24 ./Startup/startup_stm32l476rgtx.o

.debug_aranges  0x00000000      0x238
 .debug_aranges
                0x00000000       0x48 ./Src/EMGFilters.o
 .debug_aranges
                0x00000048       0x40 ./Src/adc.o
 .debug_aranges
                0x00000088       0x40 ./Src/detection.o
 .debug_aranges
                0x000000c8       0x30 ./Src/dma.o
 .debug_aranges
                0x000000f8       0x70 ./Src/led.o
 .debug_aranges
                0x00000168       0x20 ./Src/main.o
 .debug_aranges
                0x00000188       0x30 ./Src/motor.o
 .debug_aranges
                0x000001b8       0x20 ./Src/sysmem.o
 .debug_aranges
                0x000001d8       0x38 ./Src/usart2.o
 .debug_aranges
                0x00000210       0x28 ./Startup/startup_stm32l476rgtx.o

.debug_rnglists
                0x00000000      0x187
 .debug_rnglists
                0x00000000       0x37 ./Src/EMGFilters.o
 .debug_rnglists
                0x00000037       0x2d ./Src/adc.o
 .debug_rnglists
                0x00000064       0x2d ./Src/detection.o
 .debug_rnglists
                0x00000091       0x20 ./Src/dma.o
 .debug_rnglists
                0x000000b1       0x50 ./Src/led.o
 .debug_rnglists
                0x00000101       0x14 ./Src/main.o
 .debug_rnglists
                0x00000115       0x20 ./Src/motor.o
 .debug_rnglists
                0x00000135       0x13 ./Src/sysmem.o
 .debug_rnglists
                0x00000148       0x26 ./Src/usart2.o
 .debug_rnglists
                0x0000016e       0x19 ./Startup/startup_stm32l476rgtx.o

.debug_macro    0x00000000    0x1d95d
 .debug_macro   0x00000000       0x76 ./Src/EMGFilters.o
 .debug_macro   0x00000076      0xade ./Src/EMGFilters.o
 .debug_macro   0x00000b54       0x22 ./Src/EMGFilters.o
 .debug_macro   0x00000b76       0x22 ./Src/EMGFilters.o
 .debug_macro   0x00000b98       0x8e ./Src/EMGFilters.o
 .debug_macro   0x00000c26       0x51 ./Src/EMGFilters.o
 .debug_macro   0x00000c77      0x103 ./Src/EMGFilters.o
 .debug_macro   0x00000d7a       0x6a ./Src/EMGFilters.o
 .debug_macro   0x00000de4      0x1df ./Src/EMGFilters.o
 .debug_macro   0x00000fc3       0xd8 ./Src/adc.o
 .debug_macro   0x0000109b       0x28 ./Src/adc.o
 .debug_macro   0x000010c3       0x1c ./Src/adc.o
 .debug_macro   0x000010df       0x22 ./Src/adc.o
 .debug_macro   0x00001101       0xfb ./Src/adc.o
 .debug_macro   0x000011fc     0x1011 ./Src/adc.o
 .debug_macro   0x0000220d      0x11f ./Src/adc.o
 .debug_macro   0x0000232c    0x1a17a ./Src/adc.o
 .debug_macro   0x0001c4a6       0x10 ./Src/adc.o
 .debug_macro   0x0001c4b6      0x200 ./Src/detection.o
 .debug_macro   0x0001c6b6       0x10 ./Src/detection.o
 .debug_macro   0x0001c6c6       0x61 ./Src/detection.o
 .debug_macro   0x0001c727       0x2a ./Src/detection.o
 .debug_macro   0x0001c751       0x43 ./Src/detection.o
 .debug_macro   0x0001c794       0x34 ./Src/detection.o
 .debug_macro   0x0001c7c8       0x16 ./Src/detection.o
 .debug_macro   0x0001c7de       0x9e ./Src/detection.o
 .debug_macro   0x0001c87c      0x364 ./Src/detection.o
 .debug_macro   0x0001cbe0      0x112 ./Src/detection.o
 .debug_macro   0x0001ccf2       0x10 ./Src/detection.o
 .debug_macro   0x0001cd02       0x16 ./Src/detection.o
 .debug_macro   0x0001cd18       0x4a ./Src/detection.o
 .debug_macro   0x0001cd62       0x34 ./Src/detection.o
 .debug_macro   0x0001cd96       0x10 ./Src/detection.o
 .debug_macro   0x0001cda6       0x58 ./Src/detection.o
 .debug_macro   0x0001cdfe       0x8e ./Src/detection.o
 .debug_macro   0x0001ce8c       0x1c ./Src/detection.o
 .debug_macro   0x0001cea8      0x17e ./Src/detection.o
 .debug_macro   0x0001d026       0x16 ./Src/detection.o
 .debug_macro   0x0001d03c       0x16 ./Src/detection.o
 .debug_macro   0x0001d052      0x146 ./Src/detection.o
 .debug_macro   0x0001d198       0xd8 ./Src/dma.o
 .debug_macro   0x0001d270       0x10 ./Src/dma.o
 .debug_macro   0x0001d280       0xdb ./Src/led.o
 .debug_macro   0x0001d35b       0xff ./Src/main.o
 .debug_macro   0x0001d45a       0x16 ./Src/main.o
 .debug_macro   0x0001d470       0xc5 ./Src/motor.o
 .debug_macro   0x0001d535      0x112 ./Src/sysmem.o
 .debug_macro   0x0001d647      0x23c ./Src/sysmem.o
 .debug_macro   0x0001d883       0xda ./Src/usart2.o

.debug_line     0x00000000     0x3aa6
 .debug_line    0x00000000      0x699 ./Src/EMGFilters.o
 .debug_line    0x00000699      0x6e8 ./Src/adc.o
 .debug_line    0x00000d81      0x8c8 ./Src/detection.o
 .debug_line    0x00001649      0x624 ./Src/dma.o
 .debug_line    0x00001c6d      0x6ab ./Src/led.o
 .debug_line    0x00002318      0x5b9 ./Src/main.o
 .debug_line    0x000028d1      0x592 ./Src/motor.o
 .debug_line    0x00002e63      0x588 ./Src/sysmem.o
 .debug_line    0x000033eb      0x640 ./Src/usart2.o
 .debug_line    0x00003a2b       0x7b ./Startup/startup_stm32l476rgtx.o

.debug_str      0x00000000    0xa2e22
 .debug_str     0x00000000    0xa2e22 ./Src/EMGFilters.o
                               0x4016 (size before relaxing)
 .debug_str     0x000a2e22    0x9e5f0 ./Src/adc.o
 .debug_str     0x000a2e22    0xa2001 ./Src/detection.o
 .debug_str     0x000a2e22    0x9ea87 ./Src/dma.o
 .debug_str     0x000a2e22    0x9e475 ./Src/led.o
 .debug_str     0x000a2e22    0x9e40f ./Src/main.o
 .debug_str     0x000a2e22    0x9e408 ./Src/motor.o
 .debug_str     0x000a2e22     0x7712 ./Src/sysmem.o
 .debug_str     0x000a2e22    0x9e469 ./Src/usart2.o
 .debug_str     0x000a2e22       0x87 ./Startup/startup_stm32l476rgtx.o

.comment        0x00000000       0x43
 .comment       0x00000000       0x43 ./Src/EMGFilters.o
                                 0x44 (size before relaxing)
 .comment       0x00000043       0x44 ./Src/adc.o
 .comment       0x00000043       0x44 ./Src/detection.o
 .comment       0x00000043       0x44 ./Src/dma.o
 .comment       0x00000043       0x44 ./Src/led.o
 .comment       0x00000043       0x44 ./Src/main.o
 .comment       0x00000043       0x44 ./Src/motor.o
 .comment       0x00000043       0x44 ./Src/sysmem.o
 .comment       0x00000043       0x44 ./Src/usart2.o

.debug_frame    0x00000000      0xb24
 .debug_frame   0x00000000       0xec ./Src/EMGFilters.o
 .debug_frame   0x000000ec       0xa4 ./Src/adc.o
 .debug_frame   0x00000190       0xc8 ./Src/detection.o
 .debug_frame   0x00000258       0x6c ./Src/dma.o
 .debug_frame   0x000002c4      0x14c ./Src/led.o
 .debug_frame   0x00000410       0x2c ./Src/main.o
 .debug_frame   0x0000043c       0x64 ./Src/motor.o
 .debug_frame   0x000004a0       0x34 ./Src/sysmem.o
 .debug_frame   0x000004d4       0x90 ./Src/usart2.o
 .debug_frame   0x00000564      0x144 C:/ST/STM32CubeIDE_2.0.0/STM32CubeIDE/plugins/com.st.stm32cube.ide.mcu.externaltools.gnu-tools-for-stm32.14.3.rel1.win32_1.0.100.202602081740/tools/bin/../lib/gcc/arm-none-eabi/14.3.1/../../../../arm-none-eabi/lib/thumb/v7e-m+fp/hard\libc_nano.a(libc_a-findfp.o)
 .debug_frame   0x000006a8       0x7c C:/ST/STM32CubeIDE_2.0.0/STM32CubeIDE/plugins/com.st.stm32cube.ide.mcu.externaltools.gnu-tools-for-stm32.14.3.rel1.win32_1.0.100.202602081740/tools/bin/../lib/gcc/arm-none-eabi/14.3.1/../../../../arm-none-eabi/lib/thumb/v7e-m+fp/hard\libc_nano.a(libc_a-snprintf.o)
 .debug_frame   0x00000724       0x38 C:/ST/STM32CubeIDE_2.0.0/STM32CubeIDE/plugins/com.st.stm32cube.ide.mcu.externaltools.gnu-tools-for-stm32.14.3.rel1.win32_1.0.100.202602081740/tools/bin/../lib/gcc/arm-none-eabi/14.3.1/../../../../arm-none-eabi/lib/thumb/v7e-m+fp/hard\libc_nano.a(libc_a-reent.o)
 .debug_frame   0x0000075c       0x20 C:/ST/STM32CubeIDE_2.0.0/STM32CubeIDE/plugins/com.st.stm32cube.ide.mcu.externaltools.gnu-tools-for-stm32.14.3.rel1.win32_1.0.100.202602081740/tools/bin/../lib/gcc/arm-none-eabi/14.3.1/../../../../arm-none-eabi/lib/thumb/v7e-m+fp/hard\libc_nano.a(libc_a-errno.o)
 .debug_frame   0x0000077c       0x2c C:/ST/STM32CubeIDE_2.0.0/STM32CubeIDE/plugins/com.st.stm32cube.ide.mcu.externaltools.gnu-tools-for-stm32.14.3.rel1.win32_1.0.100.202602081740/tools/bin/../lib/gcc/arm-none-eabi/14.3.1/../../../../arm-none-eabi/lib/thumb/v7e-m+fp/hard\libc_nano.a(libc_a-init.o)
 .debug_frame   0x000007a8       0xb0 C:/ST/STM32CubeIDE_2.0.0/STM32CubeIDE/plugins/com.st.stm32cube.ide.mcu.externaltools.gnu-tools-for-stm32.14.3.rel1.win32_1.0.100.202602081740/tools/bin/../lib/gcc/arm-none-eabi/14.3.1/../../../../arm-none-eabi/lib/thumb/v7e-m+fp/hard\libc_nano.a(libc_a-lock.o)
 .debug_frame   0x00000858       0x38 C:/ST/STM32CubeIDE_2.0.0/STM32CubeIDE/plugins/com.st.stm32cube.ide.mcu.externaltools.gnu-tools-for-stm32.14.3.rel1.win32_1.0.100.202602081740/tools/bin/../lib/gcc/arm-none-eabi/14.3.1/../../../../arm-none-eabi/lib/thumb/v7e-m+fp/hard\libc_nano.a(libc_a-freer.o)
 .debug_frame   0x00000890       0x50 C:/ST/STM32CubeIDE_2.0.0/STM32CubeIDE/plugins/com.st.stm32cube.ide.mcu.externaltools.gnu-tools-for-stm32.14.3.rel1.win32_1.0.100.202602081740/tools/bin/../lib/gcc/arm-none-eabi/14.3.1/../../../../arm-none-eabi/lib/thumb/v7e-m+fp/hard\libc_nano.a(libc_a-mallocr.o)
 .debug_frame   0x000008e0       0x30 C:/ST/STM32CubeIDE_2.0.0/STM32CubeIDE/plugins/com.st.stm32cube.ide.mcu.externaltools.gnu-tools-for-stm32.14.3.rel1.win32_1.0.100.202602081740/tools/bin/../lib/gcc/arm-none-eabi/14.3.1/../../../../arm-none-eabi/lib/thumb/v7e-m+fp/hard\libc_nano.a(libc_a-mlock.o)
 .debug_frame   0x00000910       0x90 C:/ST/STM32CubeIDE_2.0.0/STM32CubeIDE/plugins/com.st.stm32cube.ide.mcu.externaltools.gnu-tools-for-stm32.14.3.rel1.win32_1.0.100.202602081740/tools/bin/../lib/gcc/arm-none-eabi/14.3.1/../../../../arm-none-eabi/lib/thumb/v7e-m+fp/hard\libc_nano.a(libc_a-nano-svfprintf.o)
 .debug_frame   0x000009a0       0x60 C:/ST/STM32CubeIDE_2.0.0/STM32CubeIDE/plugins/com.st.stm32cube.ide.mcu.externaltools.gnu-tools-for-stm32.14.3.rel1.win32_1.0.100.202602081740/tools/bin/../lib/gcc/arm-none-eabi/14.3.1/../../../../arm-none-eabi/lib/thumb/v7e-m+fp/hard\libc_nano.a(libc_a-nano-vfprintf_i.o)
 .debug_frame   0x00000a00       0x28 C:/ST/STM32CubeIDE_2.0.0/STM32CubeIDE/plugins/com.st.stm32cube.ide.mcu.externaltools.gnu-tools-for-stm32.14.3.rel1.win32_1.0.100.202602081740/tools/bin/../lib/gcc/arm-none-eabi/14.3.1/../../../../arm-none-eabi/lib/thumb/v7e-m+fp/hard\libc_nano.a(libc_a-memmove.o)
 .debug_frame   0x00000a28       0x2c C:/ST/STM32CubeIDE_2.0.0/STM32CubeIDE/plugins/com.st.stm32cube.ide.mcu.externaltools.gnu-tools-for-stm32.14.3.rel1.win32_1.0.100.202602081740/tools/bin/../lib/gcc/arm-none-eabi/14.3.1/../../../../arm-none-eabi/lib/thumb/v7e-m+fp/hard\libc_nano.a(libc_a-sbrkr.o)
 .debug_frame   0x00000a54       0x4c C:/ST/STM32CubeIDE_2.0.0/STM32CubeIDE/plugins/com.st.stm32cube.ide.mcu.externaltools.gnu-tools-for-stm32.14.3.rel1.win32_1.0.100.202602081740/tools/bin/../lib/gcc/arm-none-eabi/14.3.1/../../../../arm-none-eabi/lib/thumb/v7e-m+fp/hard\libc_nano.a(libc_a-memchr.o)
 .debug_frame   0x00000aa0       0x28 C:/ST/STM32CubeIDE_2.0.0/STM32CubeIDE/plugins/com.st.stm32cube.ide.mcu.externaltools.gnu-tools-for-stm32.14.3.rel1.win32_1.0.100.202602081740/tools/bin/../lib/gcc/arm-none-eabi/14.3.1/../../../../arm-none-eabi/lib/thumb/v7e-m+fp/hard\libc_nano.a(libc_a-memcpy-stub.o)
 .debug_frame   0x00000ac8       0x3c C:/ST/STM32CubeIDE_2.0.0/STM32CubeIDE/plugins/com.st.stm32cube.ide.mcu.externaltools.gnu-tools-for-stm32.14.3.rel1.win32_1.0.100.202602081740/tools/bin/../lib/gcc/arm-none-eabi/14.3.1/../../../../arm-none-eabi/lib/thumb/v7e-m+fp/hard\libc_nano.a(libc_a-reallocr.o)
 .debug_frame   0x00000b04       0x20 C:/ST/STM32CubeIDE_2.0.0/STM32CubeIDE/plugins/com.st.stm32cube.ide.mcu.externaltools.gnu-tools-for-stm32.14.3.rel1.win32_1.0.100.202602081740/tools/bin/../lib/gcc/arm-none-eabi/14.3.1/../../../../arm-none-eabi/lib/thumb/v7e-m+fp/hard\libc_nano.a(libc_a-msizer.o)

.debug_line_str
                0x00000000       0x6b
 .debug_line_str
                0x00000000       0x6b ./Startup/startup_stm32l476rgtx.o
